Circuit: * C:\Users\sirle\OneDrive\Documentos\PBLE03\circuits\circuit_one.asc

Warning: Multiple definitions of model "2scr375p" Type: BJT
Warning: Multiple definitions of model "bc857b" Type: BJT
Warning: Multiple definitions of model "bc847c" Type: BJT
Warning: Multiple definitions of model "bc847b" Type: BJT
Direct Newton iteration failed to find .op point.  (Use ".option noopiter" to skip.)
Starting Gmin stepping
Gmin = 10
Gmin = 1.07374
Gmin = 0.115292
Gmin = 0.0123794
Gmin = 0.00132923
Gmin = 0.000142725
Gmin = 1.5325e-05
Gmin = 1.6455e-06
Gmin = 1.76685e-07
Gmin = 1.89714e-08
Gmin = 2.03704e-09
Gmin = 2.18725e-10
Gmin = 2.34854e-11
Gmin = 2.52173e-12
Gmin = 2.70769e-13
Gmin = 0
Gmin stepping succeeded in finding the operating point.

Direct Newton iteration failed to find .op point.  (Use ".option noopiter" to skip.)
Starting Gmin stepping
Gmin = 10
Gmin = 1.07374
Gmin = 0.115292
Gmin = 0.0123794
Gmin = 0.00132923
Gmin = 0.000142725
vernier = 0.5
Gmin = 2.9562e-05
vernier = 0.666667
vernier = 0.888888
Gmin = 6.73668e-06
vernier = 1
Gmin = 8.09366e-07
Gmin = 8.6905e-08
Gmin = 9.33136e-09
Gmin = 1.00195e-09
Gmin = 1.07583e-10
Gmin = 1.15517e-11
Gmin = 1.24035e-12
Gmin = 1.33182e-13
Gmin = 0
Gmin stepping succeeded in finding the operating point.

Direct Newton iteration failed to find .op point.  (Use ".option noopiter" to skip.)
Starting Gmin stepping
Gmin = 10
Gmin = 1.07374
Gmin = 0.115292
Gmin = 0.0123794
Gmin = 0.00132923
Gmin = 0.000142725
Gmin = 1.5325e-05
Gmin = 1.6455e-06
Gmin = 1.76685e-07
Gmin = 1.89714e-08
Gmin = 2.03704e-09
Gmin = 2.18725e-10
Gmin = 2.34854e-11
Gmin = 2.52173e-12
Gmin = 2.70769e-13
Gmin = 0
Gmin stepping succeeded in finding the operating point.


Date: Thu Oct  2 15:54:20 2025
Total elapsed time: 0.209 seconds.

tnom = 27
temp = 27
method = trap
totiter = 2330
traniter = 0
tranpoints = 0
accept = 0
rejected = 0
matrix size = 91
fillins = 81
solver = Normal
Avg thread counts: 1.5/0.0/3.2/1.5
Matrix Compiler1: 12.73 KB object code size  2.1/1.5/[1.2]
Matrix Compiler2: 9.61 KB object code size  1.1/1.1/[0.6]

